// Jest Snapshot v1, https://goo.gl/fbAQLP

exports[`renders the activities view 1`] = `
<div>
  <div
    data-testid="process-activities"
  >
    <h1
      class="lbh-heading-h1"
    >
      Activity history
    </h1>
    <h2
      class="lbh-heading-h2"
    >
      Sole tenant requests a joint tenure
    </h2>
    <h2
      class="lbh-heading-h2"
    >
      Tenure payment ref
       
      1ifr0k2gtc
    </h2>
    <h2
      class="lbh-heading-h2"
    >
      5130 Wyman Ville, 37849
    </h2>
    <h2
      class="lbh-heading-h2"
    >
      <a
        class="govuk-link lbh-link lbh-link--no-visited-state"
        href="/person/1c6b13f0-24cd-4d1b-a922-87e573d9d42e"
      >
        Global Interactions Architect Desmond Erdman
      </a>
    </h2>
    <div>
      <table
        class="govuk-table lbh-table"
      >
        <thead
          class="govuk-table__head"
        >
          <tr
            class="govuk-table__row"
          >
            <th
              class="govuk-table__cell govuk-table__header"
            >
              Date
            </th>
            <th
              class="govuk-table__cell govuk-table__header"
            >
              Category
            </th>
            <th
              class="govuk-table__cell govuk-table__header"
            >
              Case details
            </th>
            <th
              class="govuk-table__cell govuk-table__header"
            >
              By
            </th>
          </tr>
        </thead>
        <tbody
          class="govuk-table__body"
        >
          <tr
            class="govuk-table__row govuk-table__row mtfh-activity-history"
          >
            <td
              class="govuk-table__cell"
            >
              <div>
                <p>
                  19/09/19
                </p>
                <p>
                  15:12
                </p>
              </div>
            </td>
            <td
              class="govuk-table__cell"
            >
              Edit to person
            </td>
            <td
              class="govuk-table__cell"
            >
              <div>
                <p>
                  <b>
                    First name
                  </b>
                </p>
                <p>
                  Previously:
                   
                  <b>
                    Susan
                  </b>
                </p>
                <p>
                  Changed to:
                   
                  <b>
                    Susanna
                  </b>
                </p>
              </div>
            </td>
            <th
              class="govuk-table__cell govuk-table__header"
            >
              Paul Fox
            </th>
          </tr>
          <tr
            class="govuk-table__row govuk-table__row mtfh-activity-history"
          >
            <td
              class="govuk-table__cell"
            >
              <div>
                <p>
                  19/09/19
                </p>
                <p>
                  15:12
                </p>
              </div>
            </td>
            <td
              class="govuk-table__cell"
            >
              Edit to person
            </td>
            <td
              class="govuk-table__cell"
            >
              <p>
                <b>
                  Person created
                </b>
              </p>
            </td>
            <th
              class="govuk-table__cell govuk-table__header"
            >
              Paul Fox
            </th>
          </tr>
        </tbody>
      </table>
      <nav
        class="lbh-simple-pagination"
      >
        <a
          class="lbh-simple-pagination__link lbh-simple-pagination__link--next"
          rel="next"
        >
          Next
          <svg
            fill="none"
            height="19"
            viewBox="0 0 11 19"
            width="11"
          >
            <path
              d="M1 18L9 9.5L1 1"
              stroke-width="2"
            />
          </svg>
        </a>
      </nav>
    </div>
    <a
      class="govuk-button lbh-button govuk-button--secondary lbh-button--secondary"
      href="/processes/soletojoint/123"
    >
      Close activity history
    </a>
  </div>
</div>
`;
